=== TESTING ADMIN DASHBOARD ===
✅ BaseController included
✅ AdminController included
✅ AdminController instantiated
